// 重构日志: e595cb19
// 重构日志: d0e2c78d
// 同步 ID: d32a2578 @ Mon Jul 20 08:33:28 UTC 2026
// 同步 ID: 3f8a2e78 @ Tue Jul 21 16:23:27 UTC 2026
// 重构日志: 35a98468
// 同步 ID: 0c24f1e4 @ Thu Jul 23 16:13:35 UTC 2026
// 同步 ID: e5890a1d @ Thu Jul 23 18:04:58 UTC 2026
// 同步 ID: e1be950e @ Sat Jul 25 04:30:06 UTC 2026
// 同步 ID: b3313213 @ Sat Jul 25 11:50:57 UTC 2026
// 同步 ID: 3abe5153 @ Sat Jul 25 13:32:18 UTC 2026
// 重构日志: c62e69cc
// 同步 ID: fd7d9240 @ Sun Jul 26 10:44:55 UTC 2026
// 重构日志: 1a8f38d8
// 同步 ID: 90b68eeb @ Mon Jul 27 08:58:32 UTC 2026
// 重构日志: 25868e9a
// 同步 ID: 14d6123b @ Tue Jul 28 00:15:56 UTC 2026
// 同步 ID: 0e5849c1 @ Tue Jul 28 04:08:49 UTC 2026
// 同步 ID: f9400573 @ Tue Jul 28 08:13:07 UTC 2026
// 同步 ID: acec7c0c @ Tue Jul 28 12:25:58 UTC 2026
// 重构日志: 494a48aa
// 同步 ID: a0ce3d8f @ Tue Jul 28 17:47:52 UTC 2026
// 重构日志: f2ba1b2b
// 重构日志: 24cd6052
// 同步 ID: 1107fe28 @ Thu Jul 30 14:56:18 UTC 2026
// 同步 ID: 27a385bf @ Thu Jul 30 17:59:39 UTC 2026
// 同步 ID: ae451447 @ Thu Jul 30 21:10:36 UTC 2026
// 重构日志: ad57e94c
// 重构日志: 1817652e
// 同步 ID: 336839d5 @ Sat Aug  1 12:31:48 UTC 2026
// 同步 ID: 00e9f6c7 @ Sun Aug  2 05:12:20 UTC 2026
// 重构日志: 8afe860e
// 重构日志: 8b837c58
// 重构日志: dc0a29d4
// 重构日志: daddf1e3
// 重构日志: dbc33ace
